
                                 *****************
                                 * O   R   C   A *
                                 *****************

                                            #,                                       
                                            ###                                      
                                            ####                                     
                                            #####                                    
                                            ######                                   
                                           ########,                                 
                                     ,,################,,,,,                         
                               ,,#################################,,                 
                          ,,##########################################,,             
                       ,#########################################, ''#####,          
                    ,#############################################,,   '####,        
                  ,##################################################,,,,####,       
                ,###########''''           ''''###############################       
              ,#####''   ,,,,##########,,,,          '''####'''          '####       
            ,##' ,,,,###########################,,,                        '##       
           ' ,,###''''                  '''############,,,                           
         ,,##''                                '''############,,,,        ,,,,,,###''
      ,#''                                            '''#######################'''  
     '                                                          ''''####''''         
             ,#######,   #######,   ,#######,      ##                                
            ,#'     '#,  ##    ##  ,#'     '#,    #''#        ######   ,####,        
            ##       ##  ##   ,#'  ##            #'  '#       #        #'  '#        
            ##       ##  #######   ##           ,######,      #####,   #    #        
            '#,     ,#'  ##    ##  '#,     ,#' ,#      #,         ##   #,  ,#        
             '#######'   ##     ##  '#######'  #'      '#     #####' # '####'        



                  #######################################################
                  #                        -***-                        #
                  #          Department of theory and spectroscopy      #
                  #    Directorship and core code : Frank Neese         #
                  #        Max Planck Institute fuer Kohlenforschung    #
                  #                Kaiser Wilhelm Platz 1               #
                  #                 D-45470 Muelheim/Ruhr               #
                  #                      Germany                        #
                  #                                                     #
                  #                  All rights reserved                #
                  #                        -***-                        #
                  #######################################################


                         Program Version 5.0.3 -  RELEASE  -


 With contributions from (in alphabetic order):
   Daniel Aravena         : Magnetic Suceptibility
   Michael Atanasov       : Ab Initio Ligand Field Theory (pilot matlab implementation)
   Alexander A. Auer      : GIAO ZORA, VPT2 properties, NMR spectrum
   Ute Becker             : Parallelization
   Giovanni Bistoni       : ED, misc. LED, open-shell LED, HFLD
   Martin Brehm           : Molecular dynamics
   Dmytro Bykov           : SCF Hessian
   Vijay G. Chilkuri      : MRCI spin determinant printing, contributions to CSF-ICE
   Dipayan Datta          : RHF DLPNO-CCSD density
   Achintya Kumar Dutta   : EOM-CC, STEOM-CC
   Dmitry Ganyushin       : Spin-Orbit,Spin-Spin,Magnetic field MRCI
   Miquel Garcia          : C-PCM and meta-GGA Hessian, CC/C-PCM, Gaussian charge scheme
   Yang Guo               : DLPNO-NEVPT2, F12-NEVPT2, CIM, IAO-localization
   Andreas Hansen         : Spin unrestricted coupled pair/coupled cluster methods
   Benjamin Helmich-Paris : MC-RPA, TRAH-SCF, COSX integrals
   Lee Huntington         : MR-EOM, pCC
   Robert Izsak           : Overlap fitted RIJCOSX, COSX-SCS-MP3, EOM
   Marcus Kettner         : VPT2
   Christian Kollmar      : KDIIS, OOCD, Brueckner-CCSD(T), CCSD density, CASPT2, CASPT2-K
   Simone Kossmann        : Meta GGA functionals, TD-DFT gradient, OOMP2, MP2 Hessian
   Martin Krupicka        : Initial AUTO-CI
   Lucas Lang             : DCDCAS
   Marvin Lechner         : AUTO-CI (C++ implementation), FIC-MRCC
   Dagmar Lenk            : GEPOL surface, SMD
   Dimitrios Liakos       : Extrapolation schemes; Compound Job, initial MDCI parallelization
   Dimitrios Manganas     : Further ROCIS development; embedding schemes
   Dimitrios Pantazis     : SARC Basis sets
   Anastasios Papadopoulos: AUTO-CI, single reference methods and gradients
   Taras Petrenko         : DFT Hessian,TD-DFT gradient, ASA, ECA, R-Raman, ABS, FL, XAS/XES, NRVS
   Peter Pinski           : DLPNO-MP2, DLPNO-MP2 Gradient
   Christoph Reimann      : Effective Core Potentials
   Marius Retegan         : Local ZFS, SOC
   Christoph Riplinger    : Optimizer, TS searches, QM/MM, DLPNO-CCSD(T), (RO)-DLPNO pert. Triples
   Tobias Risthaus        : Range-separated hybrids, TD-DFT gradient, RPA, STAB
   Michael Roemelt        : Original ROCIS implementation
   Masaaki Saitow         : Open-shell DLPNO-CCSD energy and density
   Barbara Sandhoefer     : DKH picture change effects
   Avijit Sen             : IP-ROCIS
   Kantharuban Sivalingam : CASSCF convergence, NEVPT2, FIC-MRCI
   Bernardo de Souza      : ESD, SOC TD-DFT
   Georgi Stoychev        : AutoAux, RI-MP2 NMR, DLPNO-MP2 response
   Willem Van den Heuvel  : Paramagnetic NMR
   Boris Wezisla          : Elementary symmetry handling
   Frank Wennmohs         : Technical directorship


 We gratefully acknowledge several colleagues who have allowed us to
 interface, adapt or use parts of their codes:
   Stefan Grimme, W. Hujo, H. Kruse, P. Pracht,  : VdW corrections, initial TS optimization,
                  C. Bannwarth, S. Ehlert          DFT functionals, gCP, sTDA/sTD-DF
   Ed Valeev, F. Pavosevic, A. Kumar             : LibInt (2-el integral package), F12 methods
   Garnet Chan, S. Sharma, J. Yang, R. Olivares  : DMRG
   Ulf Ekstrom                                   : XCFun DFT Library
   Mihaly Kallay                                 : mrcc  (arbitrary order and MRCC methods)
   Jiri Pittner, Ondrej Demel                    : Mk-CCSD
   Frank Weinhold                                : gennbo (NPA and NBO analysis)
   Christopher J. Cramer and Donald G. Truhlar   : smd solvation model
   Lars Goerigk                                  : TD-DFT with DH, B97 family of functionals
   V. Asgeirsson, H. Jonsson                     : NEB implementation
   FAccTs GmbH                                   : IRC, NEB, NEB-TS, DLPNO-Multilevel, CI-OPT
                                                   MM, QMMM, 2- and 3-layer-ONIOM, Crystal-QMMM,
                                                   LR-CPCM, SF, NACMEs, symmetry and pop. for TD-DFT,
                                                   nearIR, NL-DFT gradient (VV10), updates on ESD,
                                                   ML-optimized integration grids
   S Lehtola, MJT Oliveira, MAL Marques          : LibXC Library
   Liviu Ungur et al                             : ANISO software


 Your calculation uses the libint2 library for the computation of 2-el integrals
 For citations please refer to: http://libint.valeyev.net

 Your ORCA version has been built with support for libXC version: 5.1.0
 For citations please refer to: https://tddft.org/programs/libxc/

 This ORCA versions uses:
   CBLAS   interface :  Fast vector & matrix operations
   LAPACKE interface :  Fast linear algebra routines
   SCALAPACK package :  Parallel linear algebra routines
   Shared memory     :  Shared parallel matrices


================================================================================

----- Orbital basis set information -----
Your calculation utilizes the basis: 3-21G
   H-Ne       : J. S. Binkley, J. A. Pople and W. J. Hehre, J. Am. Chem. Soc. 102 939 (1980).
   Na-Ar      : M. S. Gordon, J. S. Binkley, J. A. Pople, W. J. Pietro and W.J. Hehre, J. Am. Chem. Soc. 104, 2797 (1983).
   K-Ca, Ga-Kr: K. D. Dobbs and W. J. Hehre, J. Comput. Chem. 7, 359 (1986).
   Sc-Zn      : K. D. Dobbs and W. J. Hehre, J. Comput. Chem. 8, 861 (1987).
   Y-Cd       : K. D. Dobbs and W. J. Hehre, J. Comput. Chem. 8, 880 (1987).

================================================================================
                                        WARNINGS
                       Please study these warnings very carefully!
================================================================================

WARNING: Old DensityContainer found on disk!
         Will remove this file - 
         If you want to keep old densities, please start your calculation with a different basename. 


INFO   : the flag for use of the SHARK integral package has been found!

================================================================================
                                       INPUT FILE
================================================================================
NAME = water.inp
|  1> !HF 3-21g PRINTBASIS PRINTMOS
|  2> *xyz 0 1
|  3> O 0.000000 -0.007156 0.965491
|  4> H 0.000000 0.001486 -0.003471
|  5> H 0.000000 0.931026 1.207929
|  6> *
|  7> 
|  8>                          ****END OF INPUT****
================================================================================

                       ****************************
                       * Single Point Calculation *
                       ****************************

---------------------------------
CARTESIAN COORDINATES (ANGSTROEM)
---------------------------------
  O      0.000000   -0.007156    0.965491
  H      0.000000    0.001486   -0.003471
  H      0.000000    0.931026    1.207929

----------------------------
CARTESIAN COORDINATES (A.U.)
----------------------------
  NO LB      ZA    FRAG     MASS         X           Y           Z
   0 O     8.0000    0    15.999    0.000000   -0.013523    1.824514
   1 H     1.0000    0     1.008    0.000000    0.002808   -0.006559
   2 H     1.0000    0     1.008    0.000000    1.759384    2.282655

--------------------------------
INTERNAL COORDINATES (ANGSTROEM)
--------------------------------
 O      0   0   0     0.000000000000     0.00000000     0.00000000
 H      1   0   0     0.969000537465     0.00000000     0.00000000
 H      1   2   0     0.969000334865   103.97799080     0.00000000

---------------------------
INTERNAL COORDINATES (A.U.)
---------------------------
 O      0   0   0     0.000000000000     0.00000000     0.00000000
 H      1   0   0     1.831145639432     0.00000000     0.00000000
 H      1   2   0     1.831145256572   103.97799080     0.00000000

---------------------
BASIS SET INFORMATION
---------------------
There are 2 groups of distinct atoms

 Group   1 Type O   : 6s3p contracted to 3s2p pattern {321/21}
 Group   2 Type H   : 3s contracted to 2s pattern {21}

Atom   0O    basis set group =>   1
Atom   1H    basis set group =>   2
Atom   2H    basis set group =>   2

-------------------------
BASIS SET IN INPUT FORMAT
-------------------------

 # Basis set for element : H 
 NewGTO H 
 S 2 
   1       5.4471780000      0.1562849807
   2       0.8245470000      0.9046908881
 S 1 
   1       0.1831920000      1.0000000000
  end;

 # Basis set for element : O 
 NewGTO O 
 S 3 
   1     322.0370000000      0.0592393934
   2      48.4308000000      0.3514999608
   3      10.4206000000      0.7076579210
 S 2 
   1       7.4029400000     -0.4044535832
   2       1.5762000000      1.2215617614
 P 2 
   1       7.4029400000      0.2445861070
   2       1.5762000000      0.8539553735
 S 1 
   1       0.3736840000      1.0000000000
 P 1 
   1       0.3736840000      1.0000000000
  end;


Checking for AutoStart:
The File: water.gbw exists
Trying to determine its content:
     ... Fine, the file contains calculation information
     ... Fine, the calculation information was read
     ... Fine, the file contains a basis set
     ... Fine, the basis set was read
     ... Fine, the file contains a geometry
     ... Fine, the geometry was read
     ... Fine, the file contains a set of orbitals
     ... Fine, the orbitals can be read
     => possible old guess file was deleted
     => GBW file was renamed to GES file
     => GES file is set as startup file
     => Guess is set to MORead
     ... now leaving AutoStart

------------------------------------------------------------------------------
                           ORCA GTO INTEGRAL CALCULATION
------------------------------------------------------------------------------
------------------------------------------------------------------------------
                   ___                                                        
                  /   \      - P O W E R E D   B Y -                         
                 /     \                                                     
                 |  |  |   _    _      __       _____    __    __             
                 |  |  |  | |  | |    /  \     |  _  \  |  |  /  |          
                  \  \/   | |  | |   /    \    | | | |  |  | /  /          
                 / \  \   | |__| |  /  /\  \   | |_| |  |  |/  /          
                |  |  |   |  __  | /  /__\  \  |    /   |      \           
                |  |  |   | |  | | |   __   |  |    \   |  |\   \          
                \     /   | |  | | |  |  |  |  | |\  \  |  | \   \       
                 \___/    |_|  |_| |__|  |__|  |_| \__\ |__|  \__/        
                                                                              
                      - O R C A' S   B I G   F R I E N D -                    
                                      &                                       
                       - I N T E G R A L  F E E D E R -                       
                                                                              
 v1 FN, 2020, v2 2021                                                         
------------------------------------------------------------------------------


Reading SHARK input file water.SHARKINP.tmp ... ok
----------------------
SHARK INTEGRAL PACKAGE
----------------------

Number of atoms                             ...      3
Number of basis functions                   ...     13
Number of shells                            ...      9
Maximum angular momentum                    ...      1
Integral batch strategy                     ... SHARK/LIBINT Hybrid
RI-J (if used) integral strategy            ... SPLIT-RIJ (Revised 2003 algorithm where possible)
Printlevel                                  ...      1
Contraction scheme used                     ... SEGMENTED contraction
Coulomb Range Separation                    ... NOT USED
Exchange Range Separation                   ... NOT USED
Finite Nucleus Model                        ... NOT USED
Auxiliary Coulomb fitting basis             ... NOT available
Auxiliary J/K fitting basis                 ... NOT available
Auxiliary Correlation fitting basis         ... NOT available
Auxiliary 'external' fitting basis          ... NOT available
Integral threshold                          ...     1.000000e-10
Primitive cut-off                           ...     1.000000e-11
Primitive pair pre-selection threshold      ...     1.000000e-11

Calculating pre-screening integrals         ... done (  0.0 sec) Dimension = 9
Organizing shell pair data                  ... done (  0.0 sec)
Shell pair information
Total number of shell pairs                 ...        45
Shell pairs after pre-screening             ...        45
Total number of primitive shell pairs       ...       127
Primitive shell pairs kept                  ...       127
          la=0 lb=0:     28 shell pairs
          la=1 lb=0:     14 shell pairs
          la=1 lb=1:      3 shell pairs

Calculating one electron integrals          ... done (  0.0 sec)
Calculating Nuclear repulsion               ... done (  0.0 sec) ENN=      9.084261638166 Eh

SHARK setup successfully completed in   0.0 seconds

Maximum memory used throughout the entire GTOINT-calculation: 3.9 MB
-------------------------------------------------------------------------------
                                 ORCA SCF
-------------------------------------------------------------------------------

------------
SCF SETTINGS
------------
Hamiltonian:
 Ab initio Hamiltonian  Method          .... Hartree-Fock(GTOs)


General Settings:
 Integral files         IntName         .... water
 Hartree-Fock type      HFTyp           .... RHF
 Total Charge           Charge          ....    0
 Multiplicity           Mult            ....    1
 Number of Electrons    NEL             ....   10
 Basis Dimension        Dim             ....   13
 Nuclear Repulsion      ENuc            ....      9.0842616382 Eh

Convergence Acceleration:
 DIIS                   CNVDIIS         .... on
   Start iteration      DIISMaxIt       ....    12
   Startup error        DIISStart       ....  0.200000
   # of expansion vecs  DIISMaxEq       ....     5
   Bias factor          DIISBfac        ....   1.050
   Max. coefficient     DIISMaxC        ....  10.000
 Trust-Rad. Augm. Hess. CNVTRAH         .... auto
   Auto Start mean grad. ratio tolernc. ....  1.125000
   Auto Start start iteration           ....     1
   Auto Start num. interpolation iter.  ....    10
   Max. Number of Micro iterations      ....    16
   Max. Number of Macro iterations      .... Maxiter - #DIIS iter
   Number of Davidson start vectors     ....     2
   Converg. threshold I  (grad. norm)   ....   5.000e-05
   Converg. threshold II (energy diff.) ....   1.000e-06
   Grad. Scal. Fac. for Micro threshold ....   0.100
   Minimum threshold for Micro iter.    ....   0.010
   NR start threshold (gradient norm)   ....   0.001
   Initial trust radius                 ....   0.400
   Minimum AH scaling param. (alpha)    ....   1.000
   Maximum AH scaling param. (alpha)    .... 1000.000
   Orbital update algorithm             .... Taylor
   White noise on init. David. guess    .... on
   Maximum white noise                  ....   0.010
   Quad. conv. algorithm                .... NR
 SOSCF                  CNVSOSCF        .... on
   Start iteration      SOSCFMaxIt      ....   150
   Startup grad/error   SOSCFStart      ....  0.003300
 Level Shifting         CNVShift        .... on
   Level shift para.    LevelShift      ....    0.2500
   Turn off err/grad.   ShiftErr        ....    0.0010
 Zerner damping         CNVZerner       .... off
 Static damping         CNVDamp         .... on
   Fraction old density DampFac         ....    0.7000
   Max. Damping (<1)    DampMax         ....    0.9800
   Min. Damping (>=0)   DampMin         ....    0.0000
   Turn off err/grad.   DampErr         ....    0.1000
 Fernandez-Rico         CNVRico         .... off

SCF Procedure:
 Maximum # iterations   MaxIter         ....   125
 SCF integral mode      SCFMode         .... Direct
   Integral package                     .... SHARK and LIBINT hybrid scheme
 Reset frequency        DirectResetFreq ....    20
 Integral Threshold     Thresh          ....  1.000e-10 Eh
 Primitive CutOff       TCut            ....  1.000e-11 Eh

Convergence Tolerance:
 Convergence Check Mode ConvCheckMode   .... Total+1el-Energy
 Convergence forced     ConvForced      .... 0
 Energy Change          TolE            ....  1.000e-06 Eh
 1-El. energy change                    ....  1.000e-03 Eh
 Orbital Gradient       TolG            ....  5.000e-05
 Orbital Rotation angle TolX            ....  5.000e-05
 DIIS Error             TolErr          ....  1.000e-06


Diagonalization of the overlap matrix:
Smallest eigenvalue                        ... 1.101e-01
Time for diagonalization                   ...    0.001 sec
Threshold for overlap eigenvalues          ... 1.000e-08
Number of eigenvalues below threshold      ... 0
Time for construction of square roots      ...    0.000 sec
Total time needed                          ...    0.001 sec

---------------------
INITIAL GUESS: MOREAD
---------------------
Guess MOs are being read from file: water.ges
Input Geometry matches current geometry (good)
Atom 0: N(Shells)= 5 and 3 - projection required
Input basis set needs projection
NBasis(read)= 7
NBasis(calc)= 13
Basis set overlap was calculated
Using GuessMode=FMatrix for the initial guess
C*T matrix was formed
Effective Fockian was calculated
Effective Fockian was diagonalized
Initial density was built
                      ------------------
                      INITIAL GUESS DONE (   0.0 sec)
                      ------------------
--------------
SCF ITERATIONS
--------------
ITER       Energy         Delta-E        Max-DP      RMS-DP      [F,P]     Damp
               ***  Starting incremental Fock matrix formation  ***
  0    -75.4901414846   0.000000000000 0.06855115  0.00956161  0.3836271 0.7000
  1    -75.5167875675  -0.026646082887 0.04675888  0.00644740  0.2606550 0.7000
                               ***Turning on DIIS***
  2    -75.5354499965  -0.018662429018 0.03257010  0.00453049  0.1820402 0.7000
  3    -75.6385791920  -0.103129195498 0.02425413  0.00357812  0.1314469 0.7000
  4    -75.6226451116   0.015934080403 0.06696858  0.01007134  0.0993479 0.0000
  5    -75.5880413984   0.034603713160 0.01000366  0.00136267  0.0157287 0.0000
                      *** Initiating the SOSCF procedure ***
                           *** Shutting down DIIS ***
                      *** Re-Reading the Fockian *** 
                      *** Removing any level shift *** 
ITER      Energy       Delta-E        Grad      Rot      Max-DP    RMS-DP
  6    -75.58565455   0.0023868485  0.002224  0.002224  0.002293  0.000527
               *** Restarting incremental Fock matrix formation ***
  7    -75.58554854   0.0001060070  0.000767  0.000959  0.001258  0.000232
  8    -75.58555158  -0.0000030413  0.000366  0.000824  0.001162  0.000180
  9    -75.58555223  -0.0000006412  0.000107  0.000094  0.000081  0.000021
                 **** Energy Check signals convergence ****
              ***Rediagonalizing the Fockian in SOSCF/NRSCF***

               *****************************************************
               *                     SUCCESS                       *
               *           SCF CONVERGED AFTER  10 CYCLES          *
               *****************************************************


----------------
TOTAL SCF ENERGY
----------------

Total Energy       :          -75.58555226 Eh           -2056.78744 eV

Components:
Nuclear Repulsion  :            9.08426164 Eh             247.19533 eV
Electronic Energy  :          -84.66981389 Eh           -2303.98277 eV
One Electron Energy:         -122.43892688 Eh           -3331.73258 eV
Two Electron Energy:           37.76911299 Eh            1027.74981 eV

Virial components:
Potential Energy   :         -151.00844764 Eh           -4109.14877 eV
Kinetic Energy     :           75.42289539 Eh            2052.36132 eV
Virial Ratio       :            2.00215660


---------------
SCF CONVERGENCE
---------------

  Last Energy change         ...   -3.0568e-08  Tolerance :   1.0000e-06
  Last MAX-Density change    ...    3.2038e-05  Tolerance :   1.0000e-05
  Last RMS-Density change    ...    4.9208e-06  Tolerance :   1.0000e-06
  Last Orbital Gradient      ...    3.7482e-05  Tolerance :   5.0000e-05
  Last Orbital Rotation      ...    1.3133e-05  Tolerance :   5.0000e-05

             **** THE GBW FILE WAS UPDATED (water.gbw) ****
             **** DENSITY water.scfp WAS UPDATED ****
             **** ENERGY FILE WAS UPDATED (water.en.tmp) ****
             **** THE GBW FILE WAS UPDATED (water.gbw) ****
             **** DENSITY water.scfp WAS UPDATED ****
----------------
ORBITAL ENERGIES
----------------

  NO   OCC          E(Eh)            E(eV) 
   0   2.0000     -20.431177      -555.9606 
   1   2.0000      -1.324263       -36.0350 
   2   2.0000      -0.678474       -18.4622 
   3   2.0000      -0.537080       -14.6147 
   4   2.0000      -0.479438       -13.0462 
   5   0.0000       0.260000         7.0750 
   6   0.0000       0.357749         9.7348 
   7   0.0000       1.184926        32.2435 
   8   0.0000       1.296316        35.2746 
   9   0.0000       1.781833        48.4861 
  10   0.0000       1.871269        50.9198 
  11   0.0000       2.015267        54.8382 
  12   0.0000       3.107665        84.5639 
------------------
MOLECULAR ORBITALS
------------------
                      0         1         2         3         4         5   
                 -20.43118  -1.32426  -0.67847  -0.53708  -0.47944   0.26000
                   2.00000   2.00000   2.00000   2.00000   2.00000   0.00000
                  --------  --------  --------  --------  --------  --------
  0O   1s        -0.983233  0.229437 -0.000000  0.088287  0.000000  0.108475
  0O   2s        -0.095760 -0.217761  0.000000 -0.082444  0.000000 -0.035239
  0O   1pz        0.002151  0.049602 -0.314925 -0.268009 -0.000000  0.130016
  0O   1px        0.000000  0.000000  0.000000  0.000000 -0.521775  0.000000
  0O   1py       -0.002803 -0.064643 -0.241651  0.349276  0.000000 -0.169440
  0O   3s         0.037672 -0.709107  0.000000 -0.404174 -0.000000 -1.027962
  0O   2pz       -0.004109  0.056657 -0.295473 -0.308184  0.000000  0.287367
  0O   2px       -0.000000 -0.000000  0.000000  0.000000 -0.631651 -0.000000
  0O   2py        0.005354 -0.073837 -0.226724  0.401633  0.000000 -0.374503
  1H   1s        -0.002626 -0.114677  0.231278  0.131680  0.000000  0.048666
  1H   2s        -0.006764 -0.020343  0.187259  0.109391  0.000000  0.855520
  2H   1s        -0.002626 -0.114677 -0.231278  0.131680 -0.000000  0.048666
  2H   2s        -0.006764 -0.020343 -0.187259  0.109391 -0.000000  0.855519
                      6         7         8         9        10        11   
                   0.35775   1.18493   1.29632   1.78183   1.87127   2.01527
                   0.00000   0.00000   0.00000   0.00000   0.00000   0.00000
                  --------  --------  --------  --------  --------  --------
  0O   1s         0.000000 -0.000000 -0.066279  0.000000  0.045530  0.000000
  0O   2s        -0.000000  0.000000  0.100516 -0.000000 -0.142861 -0.000000
  0O   1pz       -0.242710 -0.146026 -0.170687 -0.000000 -0.614135 -0.845714
  0O   1px       -0.000000 -0.000000 -0.000000 -1.029028  0.000000  0.000000
  0O   1py       -0.186238 -0.112050  0.222444  0.000000  0.800356 -0.648939
  0O   3s        -0.000001 -0.000000  0.084068 -0.000000 -0.156608  0.000000
  0O   2pz       -0.612479 -0.331712 -0.170547  0.000000  0.700784  1.101520
  0O   2px       -0.000000  0.000000  0.000000  0.965486 -0.000000 -0.000000
  0O   2py       -0.469972 -0.254532  0.222262 -0.000000 -0.913280  0.845226
  1H   1s        -0.040306 -0.959903 -0.976673  0.000000  0.266302  0.144604
  1H   2s        -1.158257  0.704464  0.497875  0.000000  0.084702  0.489376
  2H   1s         0.040306  0.959901 -0.976675  0.000000  0.266302 -0.144604
  2H   2s         1.158258 -0.704463  0.497876  0.000000  0.084702 -0.489376
                     12   
                   3.10766
                   0.00000
                  --------
  0O   1s        -0.085390
  0O   2s         1.637195
  0O   1pz       -0.100588
  0O   1px        0.000000
  0O   1py        0.131089
  0O   3s        -1.971688
  0O   2pz        0.302551
  0O   2px       -0.000000
  0O   2py       -0.394292
  1H   1s         0.286666
  1H   2s         0.350949
  2H   1s         0.286666
  2H   2s         0.350949



                    ********************************
                    * MULLIKEN POPULATION ANALYSIS *
                    ********************************

-----------------------
MULLIKEN ATOMIC CHARGES
-----------------------
   0 O :   -0.722737
   1 H :    0.361369
   2 H :    0.361369
Sum of atomic charges:    0.0000000

--------------------------------
MULLIKEN REDUCED ORBITAL CHARGES
--------------------------------
  0 O s       :     3.893346  s :     3.893346
      pz      :     1.364855  p :     4.829391
      px      :     2.000000
      py      :     1.464537
  1 H s       :     0.638631  s :     0.638631
  2 H s       :     0.638631  s :     0.638631


                     *******************************
                     * LOEWDIN POPULATION ANALYSIS *
                     *******************************

----------------------
LOEWDIN ATOMIC CHARGES
----------------------
   0 O :   -0.464660
   1 H :    0.232330
   2 H :    0.232330

-------------------------------
LOEWDIN REDUCED ORBITAL CHARGES
-------------------------------
  0 O s       :     3.625799  s :     3.625799
      pz      :     1.371848  p :     4.838860
      px      :     2.000000
      py      :     1.467012
  1 H s       :     0.767670  s :     0.767670
  2 H s       :     0.767670  s :     0.767670


                      *****************************
                      * MAYER POPULATION ANALYSIS *
                      *****************************

  NA   - Mulliken gross atomic population
  ZA   - Total nuclear charge
  QA   - Mulliken gross atomic charge
  VA   - Mayer's total valence
  BVA  - Mayer's bonded valence
  FA   - Mayer's free valence

  ATOM       NA         ZA         QA         VA         BVA        FA
  0 O      8.7227     8.0000    -0.7227     1.6664     1.6664     0.0000
  1 H      0.6386     1.0000     0.3614     0.8384     0.8384    -0.0000
  2 H      0.6386     1.0000     0.3614     0.8384     0.8384    -0.0000

  Mayer bond orders larger than 0.100000
B(  0-O ,  1-H ) :   0.8332 B(  0-O ,  2-H ) :   0.8332 

-------
TIMINGS
-------

Total SCF time: 0 days 0 hours 0 min 0 sec 

Total time                  ....       0.078 sec
Sum of individual times     ....       0.010 sec  ( 12.4%)

Fock matrix formation       ....       0.006 sec  (  7.9%)
Diagonalization             ....       0.000 sec  (  0.2%)
Density matrix formation    ....       0.000 sec  (  0.0%)
Population analysis         ....       0.001 sec  (  0.9%)
Initial guess               ....       0.002 sec  (  2.6%)
Orbital Transformation      ....       0.000 sec  (  0.0%)
Orbital Orthonormalization  ....       0.000 sec  (  0.0%)
DIIS solution               ....       0.000 sec  (  0.5%)
SOSCF solution              ....       0.000 sec  (  0.2%)

Maximum memory used throughout the entire SCF-calculation: 223.5 MB

-------------------------   --------------------
FINAL SINGLE POINT ENERGY       -75.585552255892
-------------------------   --------------------


                            ***************************************
                            *     ORCA property calculations      *
                            ***************************************

                                    ---------------------
                                    Active property flags
                                    ---------------------
   (+) Dipole Moment


------------------------------------------------------------------------------
                       ORCA ELECTRIC PROPERTIES CALCULATION
------------------------------------------------------------------------------

Dipole Moment Calculation                       ... on
Quadrupole Moment Calculation                   ... off
Polarizability Calculation                      ... off
GBWName                                         ... water.gbw
Electron density                                ... water.scfp
The origin for moment calculation is the CENTER OF MASS  = ( 0.000000,  0.086591  1.747693)

-------------
DIPOLE MOMENT
-------------
                                X             Y             Z
Electronic contribution:     -0.00000      -0.02508       0.01925
Nuclear contribution   :      0.00000       0.78810      -0.60473
                        -----------------------------------------
Total Dipole Moment    :     -0.00000       0.76302      -0.58548
                        -----------------------------------------
Magnitude (a.u.)       :      0.96176
Magnitude (Debye)      :      2.44460



--------------------
Rotational spectrum 
--------------------
 
Rotational constants in cm-1:    26.442494    14.345791     9.300183 
Rotational constants in MHz : 792726.023576 430076.000197 278812.457653 

 Dipole components along the rotational axes: 
x,y,z [a.u.] :     0.000000    -0.961760    -0.000000 
x,y,z [Debye]:     0.000001    -2.444599    -0.000000 

 

Timings for individual modules:

Sum of individual times         ...        0.156 sec (=   0.003 min)
GTO integral calculation        ...        0.050 sec (=   0.001 min)  32.0 %
SCF iterations                  ...        0.106 sec (=   0.002 min)  68.0 %
                             ****ORCA TERMINATED NORMALLY****
TOTAL RUN TIME: 0 days 0 hours 0 minutes 0 seconds 214 msec
